// Jest Snapshot v1, https://goo.gl/fbAQLP

exports[`should render the JobCard component 1`] = `ShallowWrapper {}`;
